# wwn-0x5000cca26c015ed8

```sh
smartctl 7.3 2022-02-28 r5338 [x86_64-linux-6.1.28-talos] (local build)
Copyright (C) 2002-22, Bruce Allen, Christian Franke, www.smartmontools.org

=== START OF INFORMATION SECTION ===
Vendor:               HGST
Product:              HUH721010AL5200
Revision:             A384
Compliance:           SPC-4
User Capacity:        10,000,831,348,736 bytes [10.0 TB]
Logical block size:   512 bytes
Physical block size:  4096 bytes
LU is fully provisioned
Rotation Rate:        7200 rpm
Form Factor:          3.5 inches
Logical Unit id:      0x5000cca26c015ed8
Serial number:        1DG0SBAZ
Device type:          disk
Transport protocol:   SAS (SPL-4)
Local Time is:        Mon Jun 12 20:45:25 2023 UTC
SMART support is:     Available - device has SMART capability.
SMART support is:     Enabled
Temperature Warning:  Enabled

=== START OF READ SMART DATA SECTION ===
SMART Health Status: OK

Grown defects during certification <not available>
Total blocks reassigned during format <not available>
Total new blocks reassigned <not available>
Power on minutes since format <not available>
Current Drive Temperature:     44 C
Drive Trip Temperature:        85 C

Accumulated power on time, hours:minutes 40398:29
Manufactured in week 38 of year 2017
Specified cycle count over device lifetime:  50000
Accumulated start-stop cycles:  21
Specified load-unload count over device lifetime:  600000
Accumulated load-unload cycles:  1702
Elements in grown defect list: 0

Vendor (Seagate Cache) information
  Blocks sent to initiator = 35800342557884416

Error counter log:
           Errors Corrected by           Total   Correction     Gigabytes    Total
               ECC          rereads/    errors   algorithm      processed    uncorrected
           fast | delayed   rewrites  corrected  invocations   [10^9 bytes]  errors
read:          0        0         0         0   14234914     381365.463           0
write:         0        0         0         0    7102776     182302.856           0
verify:        0        0         0         0       4056          0.000           0

Non-medium error count:        0

No Self-tests have been logged
```
